// Jest Snapshot v1, https://goo.gl/fbAQLP

exports[`testing Divider.tsx should pass snapshot testing 1`] = `
<div
  class="divider"
  data-testid="divider"
/>
`;
